// Jest Snapshot v1, https://goo.gl/fbAQLP

exports[`renders correctly 1`] = `
<View
  style={
    Object {
      "backgroundColor": "#3E5382",
      "flex": 1,
    }
  }
>
  <View
    style={
      Object {
        "flex": 0.5,
      }
    }
  />
  <View
    style={
      Array [
        Object {
          "alignItems": "center",
          "backgroundColor": "rgba(0, 0, 0, 0.0)",
          "flex": 1,
          "flexDirection": "row",
          "justifyContent": "center",
          "padding": 5,
          "position": "relative",
        },
        undefined,
      ]
    }
  >
    <View
      style={
        Object {
          "alignItems": "center",
          "backgroundColor": "#CBC9CE",
          "borderRadius": 5,
          "borderWidth": 0.1,
          "flex": 1,
          "flexDirection": "row",
          "height": 80,
          "marginLeft": 20,
          "marginRight": 20,
        }
      }
    >
      <TextInput
        allowFontScaling={true}
        autoCorrect={false}
        autoFocus={true}
        onChangeText={[Function]}
        placeholder="Username"
        style={
          Object {
            "color": "black",
            "flex": 2,
            "fontSize": 36,
            "letterSpacing": 2,
            "lineHeight": 40,
            "paddingLeft": 5,
            "paddingRight": 5,
          }
        }
        value=""
      />
    </View>
  </View>
  <View
    style={
      Array [
        Object {
          "alignItems": "center",
          "backgroundColor": "rgba(0, 0, 0, 0.0)",
          "flex": 1,
          "flexDirection": "row",
          "justifyContent": "center",
          "padding": 5,
          "position": "relative",
        },
        undefined,
      ]
    }
  >
    <View
      accessible={true}
      isTVSelectable={true}
      onResponderGrant={[Function]}
      onResponderMove={[Function]}
      onResponderRelease={[Function]}
      onResponderTerminate={[Function]}
      onResponderTerminationRequest={[Function]}
      onStartShouldSetResponder={[Function]}
      style={
        Object {
          "alignItems": "center",
          "backgroundColor": "#4D608B",
          "borderRadius": 5,
          "borderWidth": 0.1,
          "flex": 1,
          "height": 50,
          "justifyContent": "center",
          "marginLeft": 10,
          "marginRight": 10,
          "opacity": 1,
          "width": 150,
        }
      }
    >
      <Text
        accessible={true}
        allowFontScaling={true}
        ellipsizeMode="tail"
        style={
          Object {
            "color": "white",
            "fontSize": 30,
            "fontWeight": "bold",
          }
        }
      >
        Submit
      </Text>
    </View>
  </View>
  <View
    style={
      Object {
        "flex": 2,
      }
    }
  />
</View>
`;
